// Jest Snapshot v1, https://goo.gl/fbAQLP

exports[`Test suite to check route is rendered Test case to check application snapshot matches 1`] = `ShallowWrapper {}`;
